// Jest Snapshot v1, https://goo.gl/fbAQLP

exports[`UniswapV3Factory #createPool gas 1`] = `4533849`;

exports[`UniswapV3Factory factory bytecode size 1`] = `24384`;

exports[`UniswapV3Factory pool bytecode size 1`] = `22026`;
